GIT CODES TO REMEMBER





JNS@JNS MINGW64 ~/Desktop/mean stack/git
$ code .

JNS@JNS MINGW64 ~/Desktop/mean stack/git
$ ls
index.html

JNS@JNS MINGW64 ~/Desktop/mean stack/git
$ ls
about.html  index.html

JNS@JNS MINGW64 ~/Desktop/mean stack/git
$ git config --global user.name "Lakshya"

JNS@JNS MINGW64 ~/Desktop/mean stack/git
$ git config --global user.name "Lakshya"

JNS@JNS MINGW64 ~/Desktop/mean stack/git
$ git config --global user.email lakshya.sharma.jns@gmail.com

JNS@JNS MINGW64 ~/Desktop/mean stack/git
$ git init
Initialized empty Git repository in C:/Users/JNS/Desktop/mean stack/git/.git/

JNS@JNS MINGW64 ~/Desktop/mean stack/git (master)
$ git init
Reinitialized existing Git repository in C:/Users/JNS/Desktop/mean stack/git/.git/

JNS@JNS MINGW64 ~/Desktop/mean stack/git (master)
$ git --version
git version 2.38.1.windows.1

JNS@JNS MINGW64 ~/Desktop/mean stack/git (master)
$ git status
On branch master

No commits yet

Untracked files:
  (use "git add <file>..." to include in what will be committed)
        about.html
        index.html

nothing added to commit but untracked files present (use "git add" to track)

JNS@JNS MINGW64 ~/Desktop/mean stack/git (master)
$ git add about.html

JNS@JNS MINGW64 ~/Desktop/mean stack/git (master)
$ git status
On branch master

No commits yet

Changes to be committed:
  (use "git rm --cached <file>..." to unstage)
        new file:   about.html

Untracked files:
  (use "git add <file>..." to include in what will be committed)
        index.html


JNS@JNS MINGW64 ~/Desktop/mean stack/git (master)
$ git add index.html

JNS@JNS MINGW64 ~/Desktop/mean stack/git (master)
$ git status
On branch master

No commits yet

Changes to be committed:
  (use "git rm --cached <file>..." to unstage)
        new file:   about.html
        new file:   index.html


JNS@JNS MINGW64 ~/Desktop/mean stack/git (master)
$ git commit -m "hello this is lakshya. do not touch my file"
[master (root-commit) 4e525c6] hello this is lakshya. do not touch my file
 2 files changed, 16 insertions(+)
 create mode 100644 about.html
 create mode 100644 index.html

JNS@JNS MINGW64 ~/Desktop/mean stack/git (master)
$ git status
On branch master
nothing to commit, working tree clean

JNS@JNS MINGW64 ~/Desktop/mean stack/git (master)
$ git status
On branch master
nothing to commit, working tree clean

JNS@JNS MINGW64 ~/Desktop/mean stack/git (master)
$ git status
On branch master
nothing to commit, working tree clean

JNS@JNS MINGW64 ~/Desktop/mean stack/git (master)
$ git commit -m "hi"
On branch master
nothing to commit, working tree clean

JNS@JNS MINGW64 ~/Desktop/mean stack/git (master)
$ git status
On branch master
nothing to commit, working tree clean

JNS@JNS MINGW64 ~/Desktop/mean stack/git (master)
$ git diff --staged

JNS@JNS MINGW64 ~/Desktop/mean stack/git (master)
$ git status
On branch master
nothing to commit, working tree clean

JNS@JNS MINGW64 ~/Desktop/mean stack/git (master)
$ git stauts
git: 'stauts' is not a git command. See 'git --help'.

The most similar command is
        status

JNS@JNS MINGW64 ~/Desktop/mean stack/git (master)
$ git status
On branch master
nothing to commit, working tree clean

JNS@JNS MINGW64 ~/Desktop/mean stack/git (master)
$

JNS@JNS MINGW64 ~/Desktop/mean stack/git (master)
$ git stauts
git: 'stauts' is not a git command. See 'git --help'.

The most similar command is
        status

JNS@JNS MINGW64 ~/Desktop/mean stack/git (master)
$ git status
On branch master
Changes not staged for commit:
  (use "git add <file>..." to update what will be committed)
  (use "git restore <file>..." to discard changes in working directory)
        modified:   about.html

no changes added to commit (use "git add" and/or "git commit -a")

JNS@JNS MINGW64 ~/Desktop/mean stack/git (master)
$ git status
On branch master
Changes not staged for commit:
  (use "git add <file>..." to update what will be committed)
  (use "git restore <file>..." to discard changes in working directory)
        modified:   about.html

Untracked files:
  (use "git add <file>..." to include in what will be committed)
        contact.html

no changes added to commit (use "git add" and/or "git commit -a")

JNS@JNS MINGW64 ~/Desktop/mean stack/git (master)
$ git status
On branch master
Changes not staged for commit:
  (use "git add <file>..." to update what will be committed)
  (use "git restore <file>..." to discard changes in working directory)
        modified:   about.html

Untracked files:
  (use "git add <file>..." to include in what will be committed)
        contact.html

no changes added to commit (use "git add" and/or "git commit -a")

JNS@JNS MINGW64 ~/Desktop/mean stack/git (master)
$ git add -A

JNS@JNS MINGW64 ~/Desktop/mean stack/git (master)
$ git status
On branch master
Changes to be committed:
  (use "git restore --staged <file>..." to unstage)
        modified:   about.html
        new file:   contact.html


JNS@JNS MINGW64 ~/Desktop/mean stack/git (master)
$ git status
On branch master
Changes to be committed:
  (use "git restore --staged <file>..." to unstage)
        modified:   about.html
        new file:   contact.html

Untracked files:
  (use "git add <file>..." to include in what will be committed)
        demo.html
        statistics.html


JNS@JNS MINGW64 ~/Desktop/mean stack/git (master)
$ git add -
fatal: pathspec '-' did not match any files
a
JNS@JNS MINGW64 ~/Desktop/mean stack/git (master)
$ agit add -A
bash: agit: command not found

JNS@JNS MINGW64 ~/Desktop/mean stack/git (master)
$ gti status
bash: gti: command not found

JNS@JNS MINGW64 ~/Desktop/mean stack/git (master)
$ git status
On branch master
Changes to be committed:
  (use "git restore --staged <file>..." to unstage)
        modified:   about.html
        new file:   contact.html

Untracked files:
  (use "git add <file>..." to include in what will be committed)
        demo.html
        statistics.html


JNS@JNS MINGW64 ~/Desktop/mean stack/git (master)
$ git add -A

JNS@JNS MINGW64 ~/Desktop/mean stack/git (master)
$ git status
On branch master
Changes to be committed:
  (use "git restore --staged <file>..." to unstage)
        modified:   about.html
        new file:   contact.html
        new file:   demo.html
        new file:   statistics.html


JNS@JNS MINGW64 ~/Desktop/mean stack/git (master)
$ git status
On branch master
Changes to be committed:
  (use "git restore --staged <file>..." to unstage)
        modified:   about.html
        new file:   contact.html
        new file:   demo.html
        new file:   statistics.html


JNS@JNS MINGW64 ~/Desktop/mean stack/git (master)
$ git status
On branch master
Changes to be committed:
  (use "git restore --staged <file>..." to unstage)
        modified:   about.html
        new file:   contact.html
        new file:   demo.html
        new file:   statistics.html

Changes not staged for commit:
  (use "git add/rm <file>..." to update what will be committed)
  (use "git restore <file>..." to discard changes in working directory)
        deleted:    statistics.html

Untracked files:
  (use "git add <file>..." to include in what will be committed)
        test.html


JNS@JNS MINGW64 ~/Desktop/mean stack/git (master)
$ git add -A

JNS@JNS MINGW64 ~/Desktop/mean stack/git (master)
$ git status
On branch master
Changes to be committed:
  (use "git restore --staged <file>..." to unstage)
        modified:   about.html
        new file:   contact.html
        new file:   demo.html
        new file:   test.html


JNS@JNS MINGW64 ~/Desktop/mean stack/git (master)
$ git commit -m "add some nre files and also update about.html"
[master 1378594] add some nre files and also update about.html
 4 files changed, 17 insertions(+), 1 deletion(-)
 create mode 100644 contact.html
 create mode 100644 demo.html
 create mode 100644 test.html

JNS@JNS MINGW64 ~/Desktop/mean stack/git (master)
$ git status
On branch master
nothing to commit, working tree clean

JNS@JNS MINGW64 ~/Desktop/mean stack/git (master)
$
